// Jest Snapshot v1, https://goo.gl/fbAQLP

exports[`flatten should flatten form values into flat form data 1`] = `
{
  "array.0.test": "1",
  "array.0.test2": "2",
  "hey": "test",
  "test.nested.test": "bill",
}
`;
